../Core/Src/main.c:151:6:HAL_UART_RxCpltCallback	32	static
../Core/Src/main.c:171:13:uart_tx	16	static
../Core/Src/main.c:176:13:heater_off	8	static
../Core/Src/main.c:185:13:heater_set	16	static
../Core/Src/main.c:199:17:pid_update	40	static
../Core/Src/main.c:217:20:state_str	4	static
../Core/Src/main.c:228:16:to_x10	16	static
../Core/Src/main.c:236:13:send_data	344	static
../Core/Src/main.c:292:13:enter_alarm	48	static
../Core/Src/main.c:310:13:handle_cmd	80	static
../Core/Src/main.c:417:5:main	208	static
../Core/Src/main.c:655:6:SystemClock_Config	88	static
../Core/Src/main.c:703:13:MX_I2C1_Init	8	static
../Core/Src/main.c:737:13:MX_TIM3_Init	48	static
../Core/Src/main.c:787:13:MX_USART2_UART_Init	8	static
../Core/Src/main.c:820:13:MX_GPIO_Init	48	static
../Core/Src/main.c:880:6:Error_Handler	4	static,ignoring_inline_asm
